---
source: src/ui/frames.rs
expression: right
---
╔═ S T A R / F O L D — LEFT ═════════ commander ═╗╔═ › RIGHT ══════════════════════════ commander ═╗
║   hidden  sort  filter  bookmark  places  view ║║   hidden  sort  filter  bookmark  places  view ║
║─ ~/pictures ───────────────────────────────────║║─ ~/empty ──────────────────────────────────────║
║    harbour.png                            482 B║║                                                ║
║                                                ║║                                                ║
║                                                ║║                                                ║
║                                                ║║                                                ║
║                                                ║║                                                ║
║                                                ║║                                                ║
║                                                ║║                     empty                      ║
║                                                ║║                                                ║
║                                                ║║                                                ║
║                                                ║║                                                ║
║                                                ║║                                                ║
║                                                ║║                                                ║
║                                                ║║                                                ║
╚════════════════════════════════════════════════╝╚════════════════════════════════════════════════╝
╔═ PREVIEW ════════════════════════════════════════════════════════════════════════════════════════╗
║                                                                                            close ║
║                                                                                                  ║
║                                                                                                  ║
║                                        nothing to preview                                        ║
║                                                                                                  ║
║                                                                                                  ║
╚══════════════════════════════════════════════════════════════════════════════════════════════════╝
╔═ OPERATIONS ═════════════════════════════════════════════════════════════════════════════════════╗
║                                                                                       run  clear ║
║                                          nothing queued                                          ║
╚══════════════════════════════════════════════════════════════════════════════════════════════════╝
? help  / filter  space mark  enter open  y copy  m move  d delete                      ~/empty  off
