---
source: src/ui/places.rs
expression: "drawn(&mut places, 60, 21)"
---

  ╔═ PLACES ═════════════════════════════════════════════╗
  ║Search: office                                        ║
  ║Type to search names and paths                        ║
  ║NETWORK                                               ║
  ║> Office           /mnt/office                        ║
  ║                                                      ║
  ║                                                      ║
  ║                                                      ║
  ║                                                      ║
  ║                                                      ║
  ║                                                      ║
  ║                                                      ║
  ║                                                      ║
  ║                                                      ║
  ║                                                      ║
  ║                                                      ║
  ║                                                      ║
  ║F2 edit  del remove  F5 scan                          ║
  ╚═══════ enter open · F2 edit · del remove · esc close ╝
