---
source: src/ui/frames.rs
expression: left
---
╔═ S T A R / F O L D — ›LEFT ════════ commander ═╗╔═ RIGHT ════════════════════════════ commander ═╗
║   hidden  sort  filter  Bookmark  places  view ║║   hidden  sort  filter  Bookmark  places  view ║
║─ ~/pictures ───────────────────────────────────║║─ ~ ────────────────────────────────────────────║
║    ▧ harbour.png                          482 B║║    ▸ empty/                                   -║
║                                                ║║    ▸ pictures/                                -║
║                                                ║║    ▸ projects/                                -║
║                                                ║║    ◇ blob.bin                             256 B║
║                                                ║║    ↗ dangling                               7 B║
║                                                ║║    ↗ notes.txt                             27 B║
║                                                ║║                                                ║
║                                                ║║                                                ║
║                                                ║║                                                ║
║                                                ║║                                                ║
║                                                ║║                                                ║
║                                                ║║                                                ║
║                                                ║║                                                ║
╚════════════════════════════════════════════════╝╚════════════════════════════════════════════════╝
╔═ PREVIEW — ▧ harbour.png ════════════════════════════════════════════════════════════════════════╗
║                                                                                            close ║
║                                           ▀▀▀▀▀▀▀▀▀▀▀                                            ║
║                                           ▀▀▀▀▀▀▀▀▀▀▀                                            ║
║                                           ▀▀▀▀▀▀▀▀▀▀▀                                            ║
║                                           ▀▀▀▀▀▀▀▀▀▀▀                                            ║
║                                                                                png · 64 × 48 · 1x║
╚══════════════════════════════════════════════════════════════════════════════════════════════════╝
╔═ OPERATIONS ═════════════════════════════════════════════════════════════════════════════════════╗
║                                                                                       run  clear ║
║                                          nothing queued                                          ║
╚══════════════════════════════════════════════════════════════════════════════════════════════════╝
? help  / filter  space mark  enter open  y copy  m move  d delete                   ~/pictures  off
