---
source: src/ui/frames.rs
expression: "render(&mut app, 100, 30)"
---
╔═ S T A R / F O L D ══════════════════════════════════════════════════════════════════════ stack ═╗
║                                                  ‹  hidden  sort  filter  Bookmark  places  view ║
║▸ ~                                                                                        6 items║
║─ projects/ ── 0 files · 1 dirs · 0 B ────────────────────────────────────────────────────────────║
║○   ▸ starwire/                                                    dir             -  Sep 10      ║
║                                                                                                  ║
║                                                                                                  ║
║                                                                                                  ║
║                                                                                                  ║
║                                                                                                  ║
║                                                                                                  ║
║                                                                                                  ║
║                                                                                                  ║
║                                                                                                  ║
║                                                                                                  ║
║                                                                                                  ║
╚══════════════════════════════════════════════════════════════════════════════════════════════════╝
╔═ PREVIEW — ▸ starwire ═══════════════════════════════════════════════════════════════════════════╗
║                                                                                            close ║
║                                                                    Tree · 4 files · 2 dirs shown ║
║ ├── ▸ src/                                                                                       █
║ │   └── λ main.rs                                                                                ║
║ ├── ▸ target/                                                                                    ║
║ ├── ◇ .gitignore                                                                                 ║
╚══════════════════════════════════════════════════════════════════════════════════════════════════╝
╔═ OPERATIONS ═════════════════════════════════════════════════════════════════════════════════════╗
║                                                                                       run  clear ║
║COPY 2 items: ~/projects/sta…re/Cargo.toml +1 → ~/projects queued · enter run · x drop · esc clear║
╚══════════════════════════════════════════════════════════════════════════════════════════════════╝
? help  enter run  x drop  esc clear                               2 marked · 105 B  ~/projects  off
