---
source: src/ui/frames.rs
expression: right
---
╔═ S T A R / F O L D — LEFT ═════════ commander ═╗╔═ › RIGHT ══════════════════════════ commander ═╗
║  sort  filter  Bookmark  places  view  actions ║║  sort  filter  Bookmark  places  view  actions ║
║─ ~/pictures ───────────────────────────────────║║─ ~/empty ──────────────────────────────────────║
║    ▧ harbour.png                          482 B║║                                                ║
║                                                ║║                                                ║
║                                                ║║                                                ║
║                                                ║║                                                ║
║                                                ║║                                                ║
║                                                ║║                                                ║
║                                                ║║                     empty                      ║
║                                                ║║                                                ║
║                                                ║║                                                ║
║                                                ║║                                                ║
║                                                ║║                                                ║
║                                                ║║                                                ║
║                                                ║║                                                ║
╚═■■■■■■■■■■■■ 125.0 GB free / 500.0 GB total════╝╚═■■■■■■■■■■■■ 125.0 GB free / 500.0 GB total════╝
╔═ PREVIEW ════════════════════════════════════════════════════════════════════════════════════════╗
║                                                                                            close ║
║                                                                                                  ║
║                                                                                                  ║
║                                        nothing to preview                                        ║
║                                                                                                  ║
║                                                                                                  ║
╚══════════════════════════════════════════════════════════════════════════════════════════════════╝
╔═ OPERATIONS ═════════════════════════════════════════════════════════════════════════════════════╗
║                                                                                           remove ║
║                                          nothing queued                                          ║
╚══════════════════════════════════════════════════════════════════════════════════════════════════╝
? help  / filter  space mark  enter open  y yank  p paste  m move  dd delete            ~/empty  off
