---
source: src/ui/frames.rs
expression: "render(&mut app, w, h)"
---
╔═ S T A R / F O L D ══════════════════════════════════════════════════════════════════════ stack ═╗
║                                                  ‹  hidden  sort  filter  Bookmark  places  view ║
║─╔═ FILE ACTIONS ═════════╗90 B ──────────────────────────────────────────────────────────────────║
║ ║Open                    ║                                        dir             -  Sep 10      ║
║ ║Preview                 ║                                        dir             -  Sep 10      ║
║ ║Mark / unmark           ║                                        dir             -  Sep 10      ║
║ ║Copy…                   ║                                        bin         256 B  Sep 10      ║
║ ║Move…                   ║                                        link          7 B  Sep 10      ║
║ ║Rename…                 ║                                        link         27 B  Sep 10      ║
║ ║Delete (queue)          ║                                                                       ║
║ ║Compress…               ║                                                                       ║
║ ╚════════════════════════╝                                                                       ║
║                                                                                                  ║
║                                                                                                  ║
║                                                                                                  ║
║                                                                                                  ║
╚══════════════════════════════════════════════════════════════════════════════════════════════════╝
╔═ PREVIEW — ◇ blob.bin ═══════════════════════════════════════════════════════════════════════════╗
║                                                                                            close ║
║                                                                                     File metadata║
║Type: application/octet-stream                                                                    ║
║Size: 256 B                                                                                       ║
║Permissions: -rw-r--r--                                                                           ║
║Modified: 2026-09-10T12:00:00Z                                                                    ║
╚══════════════════════════════════════════════════════════════════════════════════════════════════╝
╔═ OPERATIONS ═════════════════════════════════════════════════════════════════════════════════════╗
║                                                                                       run  clear ║
║                                          nothing queued                                          ║
╚══════════════════════════════════════════════════════════════════════════════════════════════════╝
? help  / filter  space mark  enter open  y copy  m move  d delete                            ~  off
