---
source: src/ui/frames.rs
expression: "render(&mut app, 100, 30)"
---
╔═ S T A R / F O L D — LEFT ═════════ commander ═╗╔═ › RIGHT ══════════════════════════ commander ═╗
║  sort  filter  Bookmark  places  view  actions ║║  sort  filter  Bookmark  places  view  actions ║
║─ ~/pictures ───────────────────────────────────║║─ ~/empty ──────────────────────────────────────║
║    ▧ harbour.png                          482 B║║›   ▧ harbour.png                          482 B║
║                                                ║║                                                ║
║                                                ║║                                                ║
║                                                ║║                                                ║
║                                                ║║                                                ║
║                                                ║║                                                ║
║                                                ║║                                                ║
║                                                ║║                                                ║
║                                                ║║                                                ║
║                                                ║║                                                ║
║                                                ║║                                                ║
║                                                ║║                                                ║
║                                                ║║                                                ║
╚═■■■■■■■■■■■■ 125.0 GB free / 500.0 GB total════╝╚═■■■■■■■■■■■■ 125.0 GB free / 500.0 GB total════╝
╔═ PREVIEW — ▧ harbour.png ════════════════════════════════════════════════════════════════════════╗
║                                                                                            close ║
║                                           ▀▀▀▀▀▀▀▀▀▀▀                                            ║
║                                           ▀▀▀▀▀▀▀▀▀▀▀                                            ║
║                                           ▀▀▀▀▀▀▀▀▀▀▀                                            ║
║                                           ▀▀▀▀▀▀▀▀▀▀▀                                            ║
║                                                                               png · 64 × 48 · 1x ║
╚══════════════════════════════════════════════════════════════════════════════════════════════════╝
╔═ OPERATIONS ═════════════════════════════════════════════════════════════════════════════════════╗
║                                                                                           remove ║
║                                          nothing queued                                          ║
╚══════════════════════════════════════════════════════════════════════════════════════════════════╝
? help  yanked 1 item                                                                   ~/empty  off
