---
source: src/ui/frames.rs
expression: "render(&mut app, 100, 30)"
---
╔═ S T A R / F O L D ══════════════════════════════════════════════════════════════════════ stack ═╗
║         ╔═ KEYS ═══════════════════════════════════════════════════════════════════════╗es  view ║
║─ ~ ── 3 ║  navigation                         stack                                    ║─────────║
║    empty║  tab           next module          click                move the cursor     ║ 10      ║
║    pictu║  shift+tab     previous module      double-click         open it             ║ 10      ║
║    proje║  alt+1         the stack            right-click          mark it             ║ 10      ║
║    blob.║  alt+2         the preview          click a crumb        jump there          ║ 10      ║
║    dangl║  alt+3         operations           wheel                scroll three rows   ║ 10      ║
║    notes║  up/k          up one               modules                                  ║ 10      ║
║         ║  down/j        down one             click a fold         open it             ║         ║
║         ║  shift+up/K    up ten               click a word         what it says        ║         ║
║         ║  shift+down/J  down ten             status                                   ║         ║
║         ║  pgup          page up              click the bar        open operations     ║         ║
║         ║  pgdn          page down                                                     ║         ║
║         ║  home/gg       to the top                                                    ║         ║
║         ║  end/G         to the bottom                                                 ║         ║
╚═════════║  enter         open                                                          ║═════════╝
╔═ PREVIEW║  esc           cancel                                                        ║═════════╗
║         ║  stack                                                                       ║   close ║
║         ║  l/right       into the directory                                            ║         ║
║         ║  h/left/bs     parent directory                                              ║         ║
║         ║  alt+up        jump to the parent                                            ║         ║
║         ║  alt+down      jump back down                                                ║         ║
║         ║  gh            the home directory                                            ║         ║
╚═════════║  gr            the root                                                      ║═════════╝
╔═ OPERATI║  o             open externally                                               ║═════════╗
║         ║  r             rename                                                        ║n  clear ║
║         ║  F5/ctrl+r     reload                                                        ║         ║
╚═════════╚══════════════════════════════════════════════════════ more below · esc close ╝═════════╝
? help  / filter  space mark  enter open  y copy  m move  d delete                            ~  off
