---
source: src/ui/frames.rs
expression: "render(&mut app,w,h)"
---
╔═ S T A R / F O L D ══════════════════════════════════════════════════════════════════════ stack ═╗
║                                         ‹  hidden  sort  filter  Bookmark  places  view  actions ║
║─ ~ ── 3 files · 3 dirs · 290 B ──────────────────────────────────────────────────────────────────║
║    ▸ empty/                                                       dir             -  Sep 10      ║
║    ▸ pictures/                                                    dir             -  Sep 10      ║
║    ▸ projects/                                                    dir             -  Sep 10      ║
║    ◇ blob.bin                                                     bin         256 B  Sep 10      ║
║    ↗ dangling                                                     link          7 B  Sep 10      ║
║    ↗ notes.txt                                                    link         27 B  Sep 10      ║
║                                                                                                  ║
║                                                                                                  ║
║                                                                                                  ║
║                                                                                                  ║
║                                                                                                  ║
║                                                                                                  ║
║                                                                                                  ║
╚══════════════════════════════════════════════════════════════════════════════════════════════════╝
╔═ PREVIEW — ◇ blob.bin ═══════════════════════════════════════════════════════════════════════════╗
║                                                                                            close ║
║                                                                                   PDF · 12 pages ║
║ ── Page 1 ──                                                                                     █
║ Chapter One                                                                                      ║
║ Useful document text appears immediately.                                                        ║
║ Scroll to load subsequent pages.                                                                 ║
╚══════════════════════════════════════════════════════════════════════════════════════════════════╝
╔═ OPERATIONS ═════════════════════════════════════════════════════════════════════════════════════╗
║                                                                                       run  clear ║
║                                          nothing queued                                          ║
╚══════════════════════════════════════════════════════════════════════════════════════════════════╝
? help  / filter  space mark  enter open  y copy  m move  d delete                            ~  off
