---
source: src/ui/frames.rs
assertion_line: 494
expression: "render(&mut app, 100, 30)"
---
╔═ S T A R / F O L D ══════════════════════════════════════════════════════════════════════ stack ═╗
║                                         ‹  hidden  sort  filter  Bookmark  places  view  actions ║
║▸ ~                                                                                        6 items║
║─ empty/ ── 1 files · 0 dirs · 256 B ─────────────────────────────────────────────────────────────║
║›○  ◇ blob.bin                                                     bin         256 B  Sep 10      ║
║                                                                                                  ║
║                                                                                                  ║
║                                                                                                  ║
║                                                                                                  ║
║                                                                                                  ║
║                                                                                                  ║
║                                                                                                  ║
║              ╔═ CONFLICTS — 1 already exist ══════════════════════════════════════╗              ║
║              ║blob.bin                                                            ║              ║
║              ║                                                                    ║              ║
╚═■■■■■■■■■■■■ ║                                                                    ║══════════════╝
╔═ PREVIEW — ◇ ╚═════════════ o overwrite · s skip · r edit name · esc leave queued ╝══════════════╗
║                                                                                            close ║
║                                                                                    File metadata ║
║ Type: application/octet-stream                                                                   ║
║ Size: 256 B                                                                                      ║
║ Permissions: -rw-r--r--                                                                          ║
║ Modified: 2026-09-10T12:00:00Z                                                                   ║
╚══════════════════════════════════════════════════════════════════════════════════════════════════╝
╔═ OPERATIONS ═════════════════════════════════════════════════════════════════════════════════════╗
║                                                                                           remove ║
║COPY 1 item: ~/blob.bin → ~/empty                                                             done║
║COPY 1 item: ~/blob.bin → ~/empty                                              waiting: 1 conflict║
╚══════════════════════════════════════════════════════════════════════════════════════════════════╝
? help  yanked 1 item                                                 1 marked · 256 B  ~/empty  off
