---
source: src/ui/frames.rs
expression: "render(&mut app, w, h)"
---
╔═ S T A R / F O L D ══════════════════════════════ stack ═╗
║ ‹  hidden  sort  filter  Bookmark  places  view  actions ║
║─╔═ FILE ACTIONS ═════════╗90 B ──────────────────────────║
║ ║Open                    ║                -  Sep 10      ║
║ ║Preview                 ║                -  Sep 10      ║
║ ║Mark / unmark           ║                -  Sep 10      ║
║›║Copy…                   ║            256 B  Sep 10      ║
║ ║Copy current path       ║              7 B  Sep 10      ║
║ ║Move…                   ║             27 B  Sep 10      ║
║ ║Rename…                 ║                               ║
║ ║New file…               ║                               ║
╚═║New directory…          ║ / 500.0 GB total══════════════╝
╔═║Delete (queue)          ║═══════════════════════════════╗
║ ║Compress…               ║                         close ║
║ ║Tabs…                   ║ream                           █
╚═╚════════════════════════╝═══════════════════════════════╝
╔═ OPERATIONS ═════════════════════════════════════════════╗
║                                                   remove ║
║                      nothing queued                      ║
╚══════════════════════════════════════════════════════════╝
? help  / filter  space mark  enter open  y yank  p   ~  off
