---
source: src/ui/frames.rs
expression: "render(&mut app, 100, 30)"
---
╔═ S T A R / F O L D ══════════════════════════════════════════════════════════════════════ stack ═╗
║                                                  ‹  hidden  sort  filter  bookmark  places  view ║
║▸ ~                                                                                        6 items║
║─ empty/ ── 0 files · 0 dirs · 0 B ───────────────────────────────────────────────────────────────║
║                                                                                                  ║
║                                                                                                  ║
║                                                                                                  ║
║                                                                                                  ║
║                                                                                                  ║
║                                                                                                  ║
║                                              empty                                               ║
║                                                                                                  ║
║                                                                                                  ║
║                                                                                                  ║
║                                                                                                  ║
║                                                                                                  ║
╚══════════════════════════════════════════════════════════════════════════════════════════════════╝
╔═ PREVIEW ════════════════════════════════════════════════════════════════════════════════════════╗
║                                                                                            close ║
║                                                                                                  ║
║                                                                                                  ║
║                                        nothing to preview                                        ║
║                                                                                                  ║
║                                                                                                  ║
╚══════════════════════════════════════════════════════════════════════════════════════════════════╝
╔═ OPERATIONS — copying 78% ═══════════════════════════════════════════════════════════════════════╗
║                                                                                       run  clear ║
║COPY 1 item: ~/blob.bin → ~/empty                  ███████░░░ 78% · enter run · x drop · esc clear║
╚══════════════════════════════════════════════════════════════════════════════════════════════════╝
? help  COPYING ███████░░░ 78%                                        1 marked · 256 B  ~/empty  off
