---
source: src/ui/places.rs
expression: "drawn(&mut places, 60, 21)"
---

  ╔═ PLACES ═════════════════════════════════════════════╗
  ║UNMOUNT VOLUME?                                       ║
  ║Camera  /run/media/user/CAMERA                        ║
  ║y unmount   n keep                                    ║
  ║                                                      ║
  ║                                                      ║
  ║                                                      ║
  ║                                                      ║
  ║                                                      ║
  ║                                                      ║
  ║                                                      ║
  ║                                                      ║
  ║                                                      ║
  ║                                                      ║
  ║                                                      ║
  ║                                                      ║
  ║                                                      ║
  ║                                                      ║
  ╚══════════════════════════════════ y unmount · n keep ╝
