---
source: src/ui/frames.rs
expression: "render(&mut app, 100, 30)"
---
╔═ S T A R / F O L D — ›LEFT ════════ commander ═╗╔═ RIGHT ════════════════════════════ commander ═╗
║   hidden  sort  filter  Bookmark  places  view ║║   hidden  sort  filter  Bookmark  places  view ║
║─ ~/pictures ───────────────────────────────────║║─ ~/empty ──────────────────────────────────────║
║    ▧ harbour.png                          482 B║║                                                ║
║                                                ║║                                                ║
║                                                ║║                                                ║
║                                                ║║                                                ║
║                                                ║║                                                ║
║                                                ║║                                                ║
║                                                ║║                     empty                      ║
║                                                ║║                                                ║
║                                                ║║                                                ║
║                                                ║║                                                ║
║                                                ║║                                                ║
║                                                ║║                                                ║
║                                                ║║                                                ║
╚════════════════════════════════════════════════╝╚════════════════════════════════════════════════╝
╔═ PREVIEW — ▧ harbour.png ════════════════════════════════════════════════════════════════════════╗
║                                                                                            close ║
║                                           ▀▀▀▀▀▀▀▀▀▀▀                                            ║
║                                           ▀▀▀▀▀▀▀▀▀▀▀                                            ║
║                                           ▀▀▀▀▀▀▀▀▀▀▀                                            ║
║                                           ▀▀▀▀▀▀▀▀▀▀▀                                            ║
║                                                                                png · 64 × 48 · 1x║
╚══════════════════════════════════════════════════════════════════════════════════════════════════╝
╔═ OPERATIONS ═════════════════════════════════════════════════════════════════════════════════════╗
║                                                                                       run  clear ║
║COPY 1 item: ~/pictures/harbour.png → ~/empty · queued                                            ║
╚══════════════════════════════════════════════════════════════════════════════════════════════════╝
? help  / filter  space mark  enter open  y copy  m move  d delete                   ~/pictures  off
